// Jest Snapshot v1, https://goo.gl/fbAQLP

exports[`App fetch player data renders players component 1`] = `
<main
  class="App"
>
  <header
    class="App-header"
  >
    <h1>
      Players
    </h1>
  </header>
  <section
    class="search"
  >
    <input
      id="searchValue"
      name="searchValue"
      placeholder="Search by Name"
      type="text"
      value=""
    />
    <button>
      Search
    </button>
  </section>
  <section
    class="players"
  >
    <table
      class="players-table"
    >
      <thead>
        <tr>
          <th>
            Player's Name
          </th>
          <th>
            Player's team abbreviation
          </th>
          <th>
            Player's postion
          </th>
          <th>
            Rushing Attempts
          </th>
          <th>
            Rushing Attempts Per Game Avg
          </th>
          <th>
            Total Rushing Yards
          </th>
          <th>
            Rushing Avg Yards Per Attempt
          </th>
          <th>
            Rushing Yards Per Game
          </th>
          <th>
            Total Rushing Touchdowns
          </th>
          <th>
            Longest Rush
          </th>
          <th>
            Rushing First Downs
          </th>
          <th>
            Rushing First Down %
          </th>
          <th>
            Rushing 20+ Yards Each
          </th>
          <th>
            Rushing 40+ Yards Each
          </th>
          <th>
            Rushing Fumbles
          </th>
        </tr>
      </thead>
      <tbody>
        <tr>
          <td
            data-testid="205NO"
          >
            205
          </td>
          <td
            data-testid="12.8NO"
          >
            12.8
          </td>
          <td
            data-testid="5.1NO"
          >
            5.1
          </td>
          <td
            data-testid="49NO"
          >
            49
          </td>
          <td
            data-testid="23.9NO"
          >
            23.9
          </td>
          <td
            data-testid="2NO"
          >
            2
          </td>
          <td
            data-testid="2NO"
          >
            2
          </td>
          <td
            data-testid="75NO"
          >
            75
          </td>
          <td
            data-testid="Mark IngramNO"
          >
            Mark Ingram
          </td>
          <td
            data-testid="RBNO"
          >
            RB
          </td>
          <td
            data-testid="6NO"
          >
            6
          </td>
          <td
            data-testid="NONO"
          >
            NO
          </td>
          <td
            data-testid="4NO"
          >
            4
          </td>
          <td
            data-testid="1NO"
          >
            1
          </td>
          <td
            data-testid="65.2NO"
          >
            65.2
          </td>
        </tr>
        <tr>
          <td
            data-testid="3GB"
          >
            3
          </td>
          <td
            data-testid="0.8GB"
          >
            0.8
          </td>
          <td
            data-testid="-0.7GB"
          >
            -0.7
          </td>
          <td
            data-testid="0GB"
          >
            0
          </td>
          <td
            data-testid="0.0GB"
          >
            0.0
          </td>
          <td
            data-testid="0GB"
          >
            0
          </td>
          <td
            data-testid="1GB"
          >
            1
          </td>
          <td
            data-testid="0GB"
          >
            0
          </td>
          <td
            data-testid="Brett HundleyGB"
          >
            Brett Hundley
          </td>
          <td
            data-testid="QBGB"
          >
            QB
          </td>
          <td
            data-testid="0GB"
          >
            0
          </td>
          <td
            data-testid="GBGB"
          >
            GB
          </td>
          <td
            data-testid="0GB"
          >
            0
          </td>
          <td
            data-testid="-2GB"
          >
            -2
          </td>
          <td
            data-testid="-0.5GB"
          >
            -0.5
          </td>
        </tr>
      </tbody>
    </table>
  </section>
</main>
`;
